  Determining projects to restore...
  All projects are up-to-date for restore.
  Ticket.Domain -> D:\ParkEase\src\Services\TicketService\Ticket.Domain\bin\Debug\net10.0\Ticket.Domain.dll
  Ticket.Application -> D:\ParkEase\src\Services\TicketService\Ticket.Application\bin\Debug\net10.0\Ticket.Application.dll
D:\ParkEase\src\Services\TicketService\Ticket.Infrastructure\ExternalServices\SlotServiceClient.cs(4,17): error CS0234: The type or namespace name 'AspNetCore' does not exist in the namespace 'Microsoft' (are you missing an assembly reference?) [D:\ParkEase\src\Services\TicketService\Ticket.Infrastructure\Ticket.Infrastructure.csproj]
D:\ParkEase\src\Services\TicketService\Ticket.Infrastructure\ExternalServices\SlotServiceClient.cs(12,5): error CS0246: The type or namespace name 'IHttpContextAccessor' could not be found (are you missing a using directive or an assembly reference?) [D:\ParkEase\src\Services\TicketService\Ticket.Infrastructure\Ticket.Infrastructure.csproj]

Build FAILED.

D:\ParkEase\src\Services\TicketService\Ticket.Infrastructure\ExternalServices\SlotServiceClient.cs(4,17): error CS0234: The type or namespace name 'AspNetCore' does not exist in the namespace 'Microsoft' (are you missing an assembly reference?) [D:\ParkEase\src\Services\TicketService\Ticket.Infrastructure\Ticket.Infrastructure.csproj]
D:\ParkEase\src\Services\TicketService\Ticket.Infrastructure\ExternalServices\SlotServiceClient.cs(12,5): error CS0246: The type or namespace name 'IHttpContextAccessor' could not be found (are you missing a using directive or an assembly reference?) [D:\ParkEase\src\Services\TicketService\Ticket.Infrastructure\Ticket.Infrastructure.csproj]
    0 Warning(s)
    2 Error(s)

Time Elapsed 00:00:04.42
